<!DOCTYPE html><script>window.FactlinkProxiedUri = "http://medium.com/foo?bar=baz";</script><script async defer src="" onload="__internalFactlinkState('proxyLoaded')"></script><title>Content blocked</title><p style='font:200% sans-serif ;text-align:center;margin:3em 2em;color:#666'>The content of this site has been blocked at request of the site owner.</p>